###############################################################################
#
# IAR ELF Linker V7.60.2.11341/W32 for ARM                20/Nov/2018  18:34:11
# Copyright 2007-2016 IAR Systems AB.
#
#    Output file  =  
#        D:\efly\workspace\RadioSbusEDcoder\NIB_V0.01\project\Debug\Exe\NI.out
#    Map file     =  
#        D:\efly\workspace\RadioSbusEDcoder\NIB_V0.01\project\Debug\List\NI.map
#    Command line =  
#        D:\efly\workspace\RadioSbusEDcoder\NIB_V0.01\project\Debug\Obj\adc.o
#        D:\efly\workspace\RadioSbusEDcoder\NIB_V0.01\project\Debug\Obj\cmsis_os.o
#        D:\efly\workspace\RadioSbusEDcoder\NIB_V0.01\project\Debug\Obj\croutine.o
#        D:\efly\workspace\RadioSbusEDcoder\NIB_V0.01\project\Debug\Obj\df.o
#        D:\efly\workspace\RadioSbusEDcoder\NIB_V0.01\project\Debug\Obj\event_groups.o
#        D:\efly\workspace\RadioSbusEDcoder\NIB_V0.01\project\Debug\Obj\fc.o
#        D:\efly\workspace\RadioSbusEDcoder\NIB_V0.01\project\Debug\Obj\freertos.o
#        D:\efly\workspace\RadioSbusEDcoder\NIB_V0.01\project\Debug\Obj\gpio.o
#        D:\efly\workspace\RadioSbusEDcoder\NIB_V0.01\project\Debug\Obj\gsmsgdispatch.o
#        D:\efly\workspace\RadioSbusEDcoder\NIB_V0.01\project\Debug\Obj\heap_4.o
#        D:\efly\workspace\RadioSbusEDcoder\NIB_V0.01\project\Debug\Obj\list.o
#        D:\efly\workspace\RadioSbusEDcoder\NIB_V0.01\project\Debug\Obj\main.o
#        D:\efly\workspace\RadioSbusEDcoder\NIB_V0.01\project\Debug\Obj\port.o
#        D:\efly\workspace\RadioSbusEDcoder\NIB_V0.01\project\Debug\Obj\portasm.o
#        D:\efly\workspace\RadioSbusEDcoder\NIB_V0.01\project\Debug\Obj\queue.o
#        D:\efly\workspace\RadioSbusEDcoder\NIB_V0.01\project\Debug\Obj\startup_stm32f205xx.o
#        D:\efly\workspace\RadioSbusEDcoder\NIB_V0.01\project\Debug\Obj\stm32f2xx_hal.o
#        D:\efly\workspace\RadioSbusEDcoder\NIB_V0.01\project\Debug\Obj\stm32f2xx_hal_adc.o
#        D:\efly\workspace\RadioSbusEDcoder\NIB_V0.01\project\Debug\Obj\stm32f2xx_hal_adc_ex.o
#        D:\efly\workspace\RadioSbusEDcoder\NIB_V0.01\project\Debug\Obj\stm32f2xx_hal_cortex.o
#        D:\efly\workspace\RadioSbusEDcoder\NIB_V0.01\project\Debug\Obj\stm32f2xx_hal_crc.o
#        D:\efly\workspace\RadioSbusEDcoder\NIB_V0.01\project\Debug\Obj\stm32f2xx_hal_dma.o
#        D:\efly\workspace\RadioSbusEDcoder\NIB_V0.01\project\Debug\Obj\stm32f2xx_hal_dma_ex.o
#        D:\efly\workspace\RadioSbusEDcoder\NIB_V0.01\project\Debug\Obj\stm32f2xx_hal_flash.o
#        D:\efly\workspace\RadioSbusEDcoder\NIB_V0.01\project\Debug\Obj\stm32f2xx_hal_flash_ex.o
#        D:\efly\workspace\RadioSbusEDcoder\NIB_V0.01\project\Debug\Obj\stm32f2xx_hal_gpio.o
#        D:\efly\workspace\RadioSbusEDcoder\NIB_V0.01\project\Debug\Obj\stm32f2xx_hal_i2c.o
#        D:\efly\workspace\RadioSbusEDcoder\NIB_V0.01\project\Debug\Obj\stm32f2xx_hal_iwdg.o
#        D:\efly\workspace\RadioSbusEDcoder\NIB_V0.01\project\Debug\Obj\stm32f2xx_hal_pwr.o
#        D:\efly\workspace\RadioSbusEDcoder\NIB_V0.01\project\Debug\Obj\stm32f2xx_hal_pwr_ex.o
#        D:\efly\workspace\RadioSbusEDcoder\NIB_V0.01\project\Debug\Obj\stm32f2xx_hal_rcc.o
#        D:\efly\workspace\RadioSbusEDcoder\NIB_V0.01\project\Debug\Obj\stm32f2xx_hal_rcc_ex.o
#        D:\efly\workspace\RadioSbusEDcoder\NIB_V0.01\project\Debug\Obj\stm32f2xx_hal_spi.o
#        D:\efly\workspace\RadioSbusEDcoder\NIB_V0.01\project\Debug\Obj\stm32f2xx_hal_sram.o
#        D:\efly\workspace\RadioSbusEDcoder\NIB_V0.01\project\Debug\Obj\stm32f2xx_hal_tim.o
#        D:\efly\workspace\RadioSbusEDcoder\NIB_V0.01\project\Debug\Obj\stm32f2xx_hal_tim_ex.o
#        D:\efly\workspace\RadioSbusEDcoder\NIB_V0.01\project\Debug\Obj\stm32f2xx_hal_uart.o
#        D:\efly\workspace\RadioSbusEDcoder\NIB_V0.01\project\Debug\Obj\stm32f2xx_hal_usart.o
#        D:\efly\workspace\RadioSbusEDcoder\NIB_V0.01\project\Debug\Obj\stm32f2xx_hal_wwdg.o
#        D:\efly\workspace\RadioSbusEDcoder\NIB_V0.01\project\Debug\Obj\storage.o
#        D:\efly\workspace\RadioSbusEDcoder\NIB_V0.01\project\Debug\Obj\system_stm32f2xx.o
#        D:\efly\workspace\RadioSbusEDcoder\NIB_V0.01\project\Debug\Obj\tasks.o
#        D:\efly\workspace\RadioSbusEDcoder\NIB_V0.01\project\Debug\Obj\timer.o
#        D:\efly\workspace\RadioSbusEDcoder\NIB_V0.01\project\Debug\Obj\timers.o
#        D:\efly\workspace\RadioSbusEDcoder\NIB_V0.01\project\Debug\Obj\usart.o
#        D:\efly\workspace\RadioSbusEDcoder\NIB_V0.01\project\Debug\Obj\userhardwareinit.o
#        D:\efly\workspace\RadioSbusEDcoder\NIB_V0.01\project\Debug\Obj\usermavlink.o
#        D:\efly\workspace\RadioSbusEDcoder\NIB_V0.01\project\Debug\Obj\watchdog.o
#        -o
#        D:\efly\workspace\RadioSbusEDcoder\NIB_V0.01\project\Debug\Exe\NI.out
#        --redirect _Printf=_PrintfFull --redirect _Scanf=_ScanfFull --map
#        D:\efly\workspace\RadioSbusEDcoder\NIB_V0.01\project\Debug\List\NI.map
#        --config "C:\Program Files (x86)\IAR Systems\Embedded Workbench
#        7.4\arm\config\linker\ST\stm32f205xG.icf" --semihosting --entry
#        __iar_program_start --vfe
#
###############################################################################

*******************************************************************************
*** RUNTIME MODEL ATTRIBUTES
***

CppFlavor       = *
__SystemLibrary = DLib


*******************************************************************************
*** PLACEMENT SUMMARY
***

"A1":  place at 0x08000000 { ro section .intvec };
"P1":  place in [from 0x08000000 to 0x080fffff] { ro };
"P2":  place in [from 0x20000000 to 0x2001ffff] { rw, block CSTACK, block HEAP };
initialize by copy { rw };

  Section            Kind        Address    Size  Object
  -------            ----        -------    ----  ------
"A1":                                      0x184
  .intvec            ro code  0x08000000   0x184  startup_stm32f205xx.o [1]
                            - 0x08000184   0x184

"P1":                                     0x3a34
  .text              ro code  0x08000184   0x794  tasks.o [1]
  CODE               ro code  0x08000918    0x94  portasm.o [1]
  .text              ro code  0x080009ac   0x190  port.o [1]
  .text              ro code  0x08000b3c    0x90  list.o [1]
  .text              ro code  0x08000bcc   0x1ac  heap_4.o [1]
  .text              ro code  0x08000d78    0x3a  ABImemset48.o [4]
  .text              ro code  0x08000db4   0x6c8  stm32f2xx_hal_rcc.o [1]
  .text              ro code  0x0800147c    0x12  main.o [1]
  .text              ro code  0x08001490    0x68  stm32f2xx_hal.o [1]
  .text              ro code  0x080014f8   0x112  userhardwareinit.o [1]
  .text              ro code  0x0800160c   0x12c  freertos.o [1]
  .text              ro code  0x08001738    0x72  cmsis_os.o [1]
  .text              ro code  0x080017ac   0x200  stm32f2xx_hal_cortex.o [1]
  .text              ro code  0x080019ac    0x7c  gpio.o [1]
  .text              ro code  0x08001a28     0x2  adc.o [1]
  .text              ro code  0x08001a2a     0x4  timer.o [1]
  .text              ro code  0x08001a30   0x548  usart.o [1]
  .text              ro code  0x08001f78    0x76  ABImemcpy_unaligned.o [4]
  .text              ro code  0x08001ff0   0x5de  queue.o [1]
  .text              ro code  0x080025d0   0x498  stm32f2xx_hal_uart.o [1]
  .text              ro code  0x08002a68   0x3ac  stm32f2xx_hal_gpio.o [1]
  .text              ro code  0x08002e14   0x454  fc.o [1]
  .text              ro code  0x08003268   0x120  df.o [1]
  .text              ro code  0x08003388   0x160  usermavlink.o [1]
  .text              ro code  0x080034e8   0x40c  gsmsgdispatch.o [1]
  .text              ro code  0x080038f4    0x40  system_stm32f2xx.o [1]
  .text              ro code  0x08003934    0x40  zero_init3.o [4]
  .text              ro code  0x08003974    0x2c  copy_init3.o [4]
  .text              ro code  0x080039a0    0x28  data_init.o [4]
  .rodata            const    0x080039c8    0x24  freertos.o [1]
  .iar.init_table    const    0x080039ec    0x24  - Linker created -
  .text              ro code  0x08003a10    0x1a  cmain.o [4]
  .text              ro code  0x08003a2a     0x4  low_level_init.o [3]
  .text              ro code  0x08003a2e     0x4  exit.o [3]
  .text              ro code  0x08003a34     0xa  cexit.o [4]
  .text              ro code  0x08003a40    0x14  exit.o [5]
  .text              ro code  0x08003a54    0x10  startup_stm32f205xx.o [1]
  Initializer bytes  const    0x08003a64    0x10  <for P2-1>
  .text              ro code  0x08003a74     0xc  cstartup_M.o [4]
  .text              ro code  0x08003a80     0x4  startup_stm32f205xx.o [1]
  .text              ro code  0x08003a84     0x4  startup_stm32f205xx.o [1]
  .text              ro code  0x08003a88     0x4  startup_stm32f205xx.o [1]
  .text              ro code  0x08003a8c     0x4  startup_stm32f205xx.o [1]
  .text              ro code  0x08003a90     0x4  startup_stm32f205xx.o [1]
  .text              ro code  0x08003a94     0x4  startup_stm32f205xx.o [1]
  .text              ro code  0x08003a98     0x4  startup_stm32f205xx.o [1]
  .text              ro code  0x08003a9c     0x4  startup_stm32f205xx.o [1]
  .text              ro code  0x08003aa0     0x4  startup_stm32f205xx.o [1]
  .text              ro code  0x08003aa4     0x4  startup_stm32f205xx.o [1]
  .text              ro code  0x08003aa8     0x4  startup_stm32f205xx.o [1]
  .text              ro code  0x08003aac     0x4  startup_stm32f205xx.o [1]
  .text              ro code  0x08003ab0     0x4  startup_stm32f205xx.o [1]
  .text              ro code  0x08003ab4     0x4  startup_stm32f205xx.o [1]
  .text              ro code  0x08003ab8     0x4  startup_stm32f205xx.o [1]
  .text              ro code  0x08003abc     0x4  startup_stm32f205xx.o [1]
  .text              ro code  0x08003ac0     0x4  startup_stm32f205xx.o [1]
  .text              ro code  0x08003ac4     0x4  startup_stm32f205xx.o [1]
  .text              ro code  0x08003ac8     0x4  startup_stm32f205xx.o [1]
  .text              ro code  0x08003acc     0x4  startup_stm32f205xx.o [1]
  .text              ro code  0x08003ad0     0x4  startup_stm32f205xx.o [1]
  .text              ro code  0x08003ad4     0x4  startup_stm32f205xx.o [1]
  .text              ro code  0x08003ad8     0x4  startup_stm32f205xx.o [1]
  .text              ro code  0x08003adc     0x4  startup_stm32f205xx.o [1]
  .text              ro code  0x08003ae0     0x4  startup_stm32f205xx.o [1]
  .text              ro code  0x08003ae4     0x4  startup_stm32f205xx.o [1]
  .text              ro code  0x08003ae8     0x4  startup_stm32f205xx.o [1]
  .text              ro code  0x08003aec     0x4  startup_stm32f205xx.o [1]
  .text              ro code  0x08003af0     0x4  startup_stm32f205xx.o [1]
  .text              ro code  0x08003af4     0x4  startup_stm32f205xx.o [1]
  .text              ro code  0x08003af8     0x4  startup_stm32f205xx.o [1]
  .text              ro code  0x08003afc     0x4  startup_stm32f205xx.o [1]
  .text              ro code  0x08003b00     0x4  startup_stm32f205xx.o [1]
  .text              ro code  0x08003b04     0x4  startup_stm32f205xx.o [1]
  .text              ro code  0x08003b08     0x4  startup_stm32f205xx.o [1]
  .text              ro code  0x08003b0c     0x4  startup_stm32f205xx.o [1]
  .text              ro code  0x08003b10     0x4  startup_stm32f205xx.o [1]
  .text              ro code  0x08003b14     0x4  startup_stm32f205xx.o [1]
  .text              ro code  0x08003b18     0x4  startup_stm32f205xx.o [1]
  .text              ro code  0x08003b1c     0x4  startup_stm32f205xx.o [1]
  .text              ro code  0x08003b20     0x4  startup_stm32f205xx.o [1]
  .text              ro code  0x08003b24     0x4  startup_stm32f205xx.o [1]
  .text              ro code  0x08003b28     0x4  startup_stm32f205xx.o [1]
  .text              ro code  0x08003b2c     0x4  startup_stm32f205xx.o [1]
  .text              ro code  0x08003b30     0x4  startup_stm32f205xx.o [1]
  .text              ro code  0x08003b34     0x4  startup_stm32f205xx.o [1]
  .text              ro code  0x08003b38     0x4  startup_stm32f205xx.o [1]
  .text              ro code  0x08003b3c     0x4  startup_stm32f205xx.o [1]
  .text              ro code  0x08003b40     0x4  startup_stm32f205xx.o [1]
  .text              ro code  0x08003b44     0x4  startup_stm32f205xx.o [1]
  .text              ro code  0x08003b48     0x4  startup_stm32f205xx.o [1]
  .text              ro code  0x08003b4c     0x4  startup_stm32f205xx.o [1]
  .text              ro code  0x08003b50     0x4  startup_stm32f205xx.o [1]
  .text              ro code  0x08003b54     0x4  startup_stm32f205xx.o [1]
  .text              ro code  0x08003b58     0x4  startup_stm32f205xx.o [1]
  .text              ro code  0x08003b5c     0x4  startup_stm32f205xx.o [1]
  .text              ro code  0x08003b60     0x4  startup_stm32f205xx.o [1]
  .text              ro code  0x08003b64     0x4  startup_stm32f205xx.o [1]
  .text              ro code  0x08003b68     0x4  startup_stm32f205xx.o [1]
  .text              ro code  0x08003b6c     0x4  startup_stm32f205xx.o [1]
  .text              ro code  0x08003b70     0x4  startup_stm32f205xx.o [1]
  .text              ro code  0x08003b74     0x4  startup_stm32f205xx.o [1]
  .text              ro code  0x08003b78     0x4  startup_stm32f205xx.o [1]
  .text              ro code  0x08003b7c     0x4  startup_stm32f205xx.o [1]
  .text              ro code  0x08003b80     0x4  startup_stm32f205xx.o [1]
  .text              ro code  0x08003b84     0x4  startup_stm32f205xx.o [1]
  .text              ro code  0x08003b88     0x4  startup_stm32f205xx.o [1]
  .text              ro code  0x08003b8c     0x4  startup_stm32f205xx.o [1]
  .text              ro code  0x08003b90     0x4  startup_stm32f205xx.o [1]
  .text              ro code  0x08003b94     0x4  startup_stm32f205xx.o [1]
  .text              ro code  0x08003b98     0x4  startup_stm32f205xx.o [1]
  .text              ro code  0x08003b9c     0x4  startup_stm32f205xx.o [1]
  .text              ro code  0x08003ba0     0x4  startup_stm32f205xx.o [1]
  .text              ro code  0x08003ba4     0x4  startup_stm32f205xx.o [1]
  .text              ro code  0x08003ba8     0x4  startup_stm32f205xx.o [1]
  .text              ro code  0x08003bac     0x4  startup_stm32f205xx.o [1]
  .text              ro code  0x08003bb0     0x4  startup_stm32f205xx.o [1]
  .text              ro code  0x08003bb4     0x4  startup_stm32f205xx.o [1]
  .rodata            const    0x08003bb8     0x0  zero_init3.o [4]
  .rodata            const    0x08003bb8     0x0  copy_init3.o [4]
                            - 0x08003bb8  0x3a34

"P2", part 1 of 3:                          0x10
  P2-1                        0x20000000    0x10  <Init block>
    .data            inited   0x20000000     0xc  port.o [1]
    .data            inited   0x2000000c     0x4  system_stm32f2xx.o [1]
                            - 0x20000010    0x10

"P2", part 2 of 3:                        0x2000
  CSTACK                      0x20000010  0x2000  <Block>
    CSTACK           uninit   0x20000010  0x2000  <Block tail>
                            - 0x20002010  0x2000

"P2", part 3 of 3:                        0x4aa0
  .bss               zero     0x20002010  0x3c18  heap_4.o [1]
  .bss               zero     0x20005c28   0x440  fc.o [1]
  .bss               zero     0x20006068   0x440  gsmsgdispatch.o [1]
  .bss               zero     0x200064a8   0x120  fc.o [1]
  .bss               zero     0x200065c8   0x120  gsmsgdispatch.o [1]
  .bss               zero     0x200066e8   0x110  df.o [1]
  .bss               zero     0x200067f8    0x9c  tasks.o [1]
  .bss               zero     0x20006894    0x8c  tasks.o [1]
  .bss               zero     0x20006920    0x40  usart.o [1]
  .bss               zero     0x20006960    0x40  usart.o [1]
  .bss               zero     0x200069a0    0x40  usart.o [1]
  .bss               zero     0x200069e0    0x40  usart.o [1]
  .bss               zero     0x20006a20    0x30  fc.o [1]
  .bss               zero     0x20006a50    0x30  gsmsgdispatch.o [1]
  .bss               zero     0x20006a80     0xc  df.o [1]
  .bss               zero     0x20006a8c     0x4  df.o [1]
  .bss               zero     0x20006a90     0x4  df.o [1]
  .bss               zero     0x20006a94     0x4  fc.o [1]
  .bss               zero     0x20006a98     0x4  fc.o [1]
  .bss               zero     0x20006a9c     0x4  freertos.o [1]
  .bss               zero     0x20006aa0     0x4  gsmsgdispatch.o [1]
  .bss               zero     0x20006aa4     0x4  gsmsgdispatch.o [1]
  .bss               zero     0x20006aa8     0x4  stm32f2xx_hal.o [1]
  .bss               zero     0x20006aac     0x1  df.o [1]
  .bss               zero     0x20006aad     0x1  fc.o [1]
  .bss               zero     0x20006aae     0x1  gsmsgdispatch.o [1]
                            - 0x20006aaf  0x4a9f


*******************************************************************************
*** INIT TABLE
***

          Address     Size
          -------     ----
Zero (__iar_zero_init3)
    1 destination range, total size 0x4a9f:
          0x20002010  0x4a9f

Copy (__iar_copy_init3)
    1 source range, total size 0x10:
          0x08003a64    0x10
    1 destination range, total size 0x10:
          0x20000000    0x10



*******************************************************************************
*** MODULE SUMMARY
***

    Module                  ro code  ro data  rw data
    ------                  -------  -------  -------
D:\efly\workspace\RadioSbusEDcoder\NIB_V0.01\project\Debug\Obj: [1]
    adc.o                         2
    cmsis_os.o                  114
    df.o                        288               293
    fc.o                      1 108             1 433
    freertos.o                  300       36        4
    gpio.o                      124
    gsmsgdispatch.o           1 036             1 433
    heap_4.o                    428            15 384
    list.o                      144
    main.o                       18
    port.o                      400       12       12
    portasm.o                   148
    queue.o                   1 502
    startup_stm32f205xx.o       716
    stm32f2xx_hal.o             104                 4
    stm32f2xx_hal_cortex.o      512
    stm32f2xx_hal_gpio.o        940
    stm32f2xx_hal_rcc.o       1 736
    stm32f2xx_hal_uart.o      1 176
    system_stm32f2xx.o           64        4        4
    tasks.o                   1 940               296
    timer.o                       4
    usart.o                   1 352               256
    userhardwareinit.o          274
    usermavlink.o               352
    -------------------------------------------------
    Total:                   14 782       52   19 119

command line: [2]
    -------------------------------------------------
    Total:

dl7M_tln.a: [3]
    exit.o                        4
    low_level_init.o              4
    -------------------------------------------------
    Total:                        8

rt7M_tl.a: [4]
    ABImemcpy_unaligned.o       118
    ABImemset48.o                58
    cexit.o                      10
    cmain.o                      26
    copy_init3.o                 44
    cstartup_M.o                 12
    data_init.o                  40
    zero_init3.o                 64
    -------------------------------------------------
    Total:                      372

shb_l.a: [5]
    exit.o                       20
    -------------------------------------------------
    Total:                       20

    Gaps                         18
    Linker created                        36    8 192
-----------------------------------------------------
    Grand Total:             15 200       88   27 311


*******************************************************************************
*** ENTRY LIST
***

Entry                      Address    Size  Type      Object
-----                      -------    ----  ----      ------
.iar.init_table$$Base   0x080039ec           --   Gb  - Linker created -
.iar.init_table$$Limit  0x08003a10           --   Gb  - Linker created -
?main                   0x08003a11          Code  Gb  cmain.o [4]
APBAHBPrescTable        0x0800146c    0x10  Data  Gb  stm32f2xx_hal_rcc.o [1]
AccumulateMavlinkMsgCrc
                        0x080033af    0x3a  Code  Gb  usermavlink.o [1]
AdcInit                 0x08001a29     0x2  Code  Gb  adc.o [1]
CSTACK$$Base            0x20000010           --   Gb  - Linker created -
CSTACK$$Limit           0x20002010           --   Gb  - Linker created -
DFSendMessage2Gs        0x0800327b    0x7c  Code  Gb  df.o [1]
EnableUsartAllInterrupt
                        0x08001ef1    0x26  Code  Gb  usart.o [1]
Error_Handler           0x08001605     0x2  Code  Gb  userhardwareinit.o [1]
FREERTOS_Init           0x0800160d    0x20  Code  Gb  freertos.o [1]
FcMsgRxTask             0x08003029    0x78  Code  Gb  fc.o [1]
FcSendMessage2Gs        0x080030c7    0x7a  Code  Gb  fc.o [1]
GetDFMavlinkSeq         0x08003269     0xa  Code  Gb  df.o [1]
GetFcMavlinkSeq         0x080030a1     0xa  Code  Gb  fc.o [1]
GetGsMavlinkSeq         0x08003751     0xa  Code  Gb  gsmsgdispatch.o [1]
GpioInit                0x080019ad    0x7c  Code  Gb  gpio.o [1]
GsMsgRxTask             0x080036fd    0x46  Code  Gb  gsmsgdispatch.o [1]
GsSendMsg2DF            0x080032f7    0x7c  Code  Gb  df.o [1]
HAL_GPIO_Init           0x08002a69   0x2ec  Code  Gb  stm32f2xx_hal_gpio.o [1]
HAL_GetTick             0x080014e5     0x6  Code  Wk  stm32f2xx_hal.o [1]
HAL_Init                0x08001491    0x30  Code  Gb  stm32f2xx_hal.o [1]
HAL_InitTick            0x080014c1    0x24  Code  Wk  stm32f2xx_hal.o [1]
HAL_MspInit             0x080015a5    0x60  Code  Gb  userhardwareinit.o [1]
HAL_NVIC_EnableIRQ      0x080018cd    0x18  Code  Gb  stm32f2xx_hal_cortex.o [1]
HAL_NVIC_SetPriority    0x08001893    0x3a  Code  Gb  stm32f2xx_hal_cortex.o [1]
HAL_NVIC_SetPriorityGrouping
                        0x08001869    0x2a  Code  Gb  stm32f2xx_hal_cortex.o [1]
HAL_RCC_ClockConfig     0x0800112b   0x212  Code  Gb  stm32f2xx_hal_rcc.o [1]
HAL_RCC_GetHCLKFreq     0x08001391     0x6  Code  Gb  stm32f2xx_hal_rcc.o [1]
HAL_RCC_GetPCLK1Freq    0x08001397    0x18  Code  Gb  stm32f2xx_hal_rcc.o [1]
HAL_RCC_GetPCLK2Freq    0x080013af    0x18  Code  Gb  stm32f2xx_hal_rcc.o [1]
HAL_RCC_GetSysClockFreq
                        0x0800133d    0x54  Code  Gb  stm32f2xx_hal_rcc.o [1]
HAL_RCC_OscConfig       0x08000db5   0x376  Code  Gb  stm32f2xx_hal_rcc.o [1]
HAL_SYSTICK_CLKSourceConfig
                        0x080018e7    0x32  Code  Gb  stm32f2xx_hal_cortex.o [1]
HAL_SYSTICK_Config      0x080018e5     0x2  Code  Gb  stm32f2xx_hal_cortex.o [1]
HAL_UART_Init           0x080025d1   0x11e  Code  Gb  stm32f2xx_hal_uart.o [1]
HAL_UART_MspInit        0x08001abb   0x214  Code  Gb  usart.o [1]
HandleCommonMsg         0x08003763    0x7a  Code  Gb  gsmsgdispatch.o [1]
HandleMessage2Fc        0x08003743     0xe  Code  Gb  gsmsgdispatch.o [1]
HandleMessage2Gs        0x080030b3    0x14  Code  Gb  fc.o [1]
NVIC_EnableIRQ          0x080017d7    0x14  Code  Lc  stm32f2xx_hal_cortex.o [1]
NVIC_EncodePriority     0x08001809    0x36  Code  Lc  stm32f2xx_hal_cortex.o [1]
NVIC_GetPriorityGrouping
                        0x080017cb     0xc  Code  Lc  stm32f2xx_hal_cortex.o [1]
NVIC_SetPriority        0x080017eb    0x1e  Code  Lc  stm32f2xx_hal_cortex.o [1]
NVIC_SetPriority        0x08001a31    0x1e  Code  Lc  usart.o [1]
NVIC_SetPriorityGrouping
                        0x080017ad    0x1e  Code  Lc  stm32f2xx_hal_cortex.o [1]
PendSV_Handler          0x08000919          Code  Gb  portasm.o [1]
PreSetupHardware        0x080014f9    0x26  Code  Gb  userhardwareinit.o [1]
Region$$Table$$Base     0x080039ec           --   Gb  - Linker created -
Region$$Table$$Limit    0x08003a10           --   Gb  - Linker created -
ResetDFMavlinkSeq       0x08003273     0x8  Code  Gb  df.o [1]
ResetFcMavlinkSeq       0x080030ab     0x8  Code  Gb  fc.o [1]
ResetGsMsgTheMavlinkSeq
                        0x0800375b     0x8  Code  Gb  gsmsgdispatch.o [1]
SVC_Handler             0x0800096b          Code  Gb  portasm.o [1]
StartTask               0x0800162d    0xaa  Code  Gb  freertos.o [1]
SysTick_Config          0x0800183f    0x2a  Code  Lc  stm32f2xx_hal_cortex.o [1]
SysTick_Handler         0x08001607     0x4  Code  Gb  userhardwareinit.o [1]
SystemClockConfig       0x0800151f    0x86  Code  Lc  userhardwareinit.o [1]
SystemCoreClock         0x2000000c     0x4  Data  Gb  system_stm32f2xx.o [1]
SystemInit              0x080038f5    0x30  Code  Gb  system_stm32f2xx.o [1]
Timer1Init              0x08001a2b     0x2  Code  Gb  timer.o [1]
Timer2Init              0x08001a2d     0x2  Code  Gb  timer.o [1]
UART4_IRQHandler        0x08001e59    0x96  Code  Gb  usart.o [1]
UART_SetConfig          0x0800270d   0x2d0  Code  Lc  stm32f2xx_hal_uart.o [1]
USART1_IRQHandler       0x08001ccf    0x96  Code  Gb  usart.o [1]
USART2_IRQHandler       0x08001d65    0x5e  Code  Gb  usart.o [1]
USART3_IRQHandler       0x08001dc3    0x96  Code  Gb  usart.o [1]
USART6_IRQHandler       0x08001eef     0x2  Code  Gb  usart.o [1]
Usart1UartInit          0x08001a4f    0x36  Code  Gb  usart.o [1]
Usart3UartInit          0x08001a85    0x36  Code  Gb  usart.o [1]
__aeabi_memset4         0x08000d79          Code  Gb  ABImemset48.o [4]
__aeabi_memset8         0x08000d79          Code  Gb  ABImemset48.o [4]
__cmain                 0x08003a11          Code  Gb  cmain.o [4]
__exit                  0x08003a41    0x14  Code  Gb  exit.o [5]
__iar_Memset4_word      0x08000d81          Code  Gb  ABImemset48.o [4]
__iar_Memset8_word      0x08000d81          Code  Gb  ABImemset48.o [4]
__iar_copy_init3        0x08003975    0x2c  Code  Gb  copy_init3.o [4]
__iar_data_init3        0x080039a1    0x28  Code  Gb  data_init.o [4]
__iar_program_start     0x08003a75          Code  Gb  cstartup_M.o [4]
__iar_unaligned___aeabi_memcpy
                        0x08001f79          Code  Gb  ABImemcpy_unaligned.o [4]
__iar_unaligned___aeabi_memcpy4
                        0x08001f99          Code  Gb  ABImemcpy_unaligned.o [4]
__iar_unaligned___aeabi_memcpy8
                        0x08001f99          Code  Gb  ABImemcpy_unaligned.o [4]
__iar_zero_init3        0x08003935    0x40  Code  Gb  zero_init3.o [4]
__low_level_init        0x08003a2b     0x4  Code  Gb  low_level_init.o [3]
__vector_table          0x08000000          Data  Gb  startup_stm32f205xx.o [1]
_call_main              0x08003a1d          Code  Gb  cmain.o [4]
_exit                   0x08003a35          Code  Gb  cexit.o [4]
_main                   0x08003a27          Code  Gb  cmain.o [4]
assert_failed           0x0800148d     0x2  Code  Gb  main.o [1]
crc_accumulate          0x08002e15    0x1e  Code  Lc  fc.o [1]
crc_accumulate          0x080034e9    0x1e  Code  Lc  gsmsgdispatch.o [1]
crc_accumulate          0x08003389    0x1e  Code  Lc  usermavlink.o [1]
crc_init                0x08002e33     0x8  Code  Lc  fc.o [1]
crc_init                0x08003507     0x8  Code  Lc  gsmsgdispatch.o [1]
dfMavlinkMsgId          0x20006aac     0x1  Data  Lc  df.o [1]
dfMsg                   0x200066e8   0x110  Data  Gb  df.o [1]
dfMsgRxQHandle          0x20006a90     0x4  Data  Gb  df.o [1]
dfMsgTxQHandle          0x20006a8c     0x4  Data  Gb  df.o [1]
dfStatus                0x20006a80     0xc  Data  Gb  df.o [1]
exit                    0x08003a2f     0x4  Code  Gb  exit.o [3]
fcMavlinkMsgId          0x20006aad     0x1  Data  Lc  fc.o [1]
fcMsg                   0x200064b8   0x110  Data  Gb  fc.o [1]
fcMsgRxQHandle          0x200064a8     0x4  Data  Gb  fc.o [1]
fcMsgRxTaskHandle       0x20006a94     0x4  Data  Gb  fc.o [1]
fcMsgTxQHandle          0x20006a98     0x4  Data  Gb  fc.o [1]
fcStatus                0x200064ac     0xc  Data  Gb  fc.o [1]
gsMavlinkMsgId          0x20006aae     0x1  Data  Lc  gsmsgdispatch.o [1]
gsMsg                   0x200065d8   0x110  Data  Gb  gsmsgdispatch.o [1]
gsMsgRxQHandle          0x200065c8     0x4  Data  Gb  gsmsgdispatch.o [1]
gsMsgRxTaskHandle       0x20006aa0     0x4  Data  Gb  gsmsgdispatch.o [1]
gsMsgTxQHandle          0x20006aa4     0x4  Data  Gb  gsmsgdispatch.o [1]
gsStatus                0x200065cc     0xc  Data  Gb  gsmsgdispatch.o [1]
huart1                  0x20006920    0x40  Data  Gb  usart.o [1]
huart2                  0x20006960    0x40  Data  Gb  usart.o [1]
huart3                  0x200069a0    0x40  Data  Gb  usart.o [1]
huart4                  0x200069e0    0x40  Data  Gb  usart.o [1]
main                    0x0800147d    0x10  Code  Gb  main.o [1]
makeFreeRtosPriority    0x08001739     0xc  Code  Lc  cmsis_os.o [1]
mavlink_frame_char      0x08002fbf    0x2a  Code  Lc  fc.o [1]
mavlink_frame_char      0x08003693    0x2a  Code  Lc  gsmsgdispatch.o [1]
mavlink_frame_char_buffer
                        0x08002e5d   0x162  Code  Lc  fc.o [1]
mavlink_frame_char_buffer
                        0x08003531   0x162  Code  Lc  gsmsgdispatch.o [1]
mavlink_frame_char_buffer::mavlink_message_crcs
                        0x08003168   0x100  Data  Lc  fc.o [1]
mavlink_frame_char_buffer::mavlink_message_crcs
                        0x080037f4   0x100  Data  Lc  gsmsgdispatch.o [1]
mavlink_get_channel_buffer
                        0x08002e47     0xc  Code  Lc  fc.o [1]
mavlink_get_channel_buffer
                        0x0800351b     0xc  Code  Lc  gsmsgdispatch.o [1]
mavlink_get_channel_buffer::m_mavlink_buffer
                        0x20005c28   0x440  Data  Lc  fc.o [1]
mavlink_get_channel_buffer::m_mavlink_buffer
                        0x20006068   0x440  Data  Lc  gsmsgdispatch.o [1]
mavlink_get_channel_status
                        0x08002e3b     0xc  Code  Lc  fc.o [1]
mavlink_get_channel_status
                        0x0800350f     0xc  Code  Lc  gsmsgdispatch.o [1]
mavlink_get_channel_status::m_mavlink_status
                        0x20006a20    0x30  Data  Lc  fc.o [1]
mavlink_get_channel_status::m_mavlink_status
                        0x20006a50    0x30  Data  Lc  gsmsgdispatch.o [1]
mavlink_message_crcs    0x080033e8   0x100  Data  Lc  usermavlink.o [1]
mavlink_parse_char      0x08002fe9    0x40  Code  Lc  fc.o [1]
mavlink_parse_char      0x080036bd    0x40  Code  Lc  gsmsgdispatch.o [1]
mavlink_start_checksum  0x08002e53     0x2  Code  Lc  fc.o [1]
mavlink_start_checksum  0x08003527     0x2  Code  Lc  gsmsgdispatch.o [1]
mavlink_update_checksum
                        0x08002e55     0x8  Code  Lc  fc.o [1]
mavlink_update_checksum
                        0x08003529     0x8  Code  Lc  gsmsgdispatch.o [1]
mavlink_update_checksum
                        0x080033a7     0x8  Code  Lc  usermavlink.o [1]
osDelay                 0x08001787    0x10  Code  Gb  cmsis_os.o [1]
osKernelStart           0x08001745     0xa  Code  Gb  cmsis_os.o [1]
osSystickHandler        0x08001797    0x14  Code  Gb  cmsis_os.o [1]
osThreadCreate          0x0800174f    0x38  Code  Gb  cmsis_os.o [1]
prvAddCurrentTaskToDelayedList
                        0x08000737    0x32  Code  Lc  tasks.o [1]
prvAllocateTCBAndStack  0x08000769    0x3e  Code  Lc  tasks.o [1]
prvCheckTasksWaitingTermination
                        0x080006ef    0x48  Code  Lc  tasks.o [1]
prvCopyDataFromQueue    0x0800250d    0x24  Code  Lc  queue.o [1]
prvCopyDataToQueue      0x08002493    0x7a  Code  Lc  queue.o [1]
prvDeleteTCB            0x080007a7    0x14  Code  Lc  tasks.o [1]
prvHeapInit             0x08000cd7    0x4e  Code  Lc  heap_4.o [1]
prvIdleTask             0x08000631    0x16  Code  Lc  tasks.o [1]
prvInitialiseTCBVariables
                        0x08000647    0x58  Code  Lc  tasks.o [1]
prvInitialiseTaskLists  0x0800069f    0x50  Code  Lc  tasks.o [1]
prvInsertBlockIntoFreeList
                        0x08000d25    0x4e  Code  Lc  heap_4.o [1]
prvIsQueueEmpty         0x08002599    0x18  Code  Lc  queue.o [1]
prvIsQueueFull          0x080025b1    0x1e  Code  Lc  queue.o [1]
prvResetNextTaskUnblockTime
                        0x080007bb    0x1e  Code  Lc  tasks.o [1]
prvTaskExitError        0x080009cd    0x18  Code  Lc  port.o [1]
prvUnlockQueue          0x08002531    0x68  Code  Lc  queue.o [1]
pvPortMalloc            0x08000bcd    0xba  Code  Gb  heap_4.o [1]
pvTaskIncrementMutexHeldCount
                        0x080008e9    0x16  Code  Gb  tasks.o [1]
pxCurrentTCB            0x20006820     0x4  Data  Gb  tasks.o [1]
pxDelayedTaskList       0x20006824     0x4  Data  Lc  tasks.o [1]
pxEnd                   0x20002018     0x4  Data  Lc  heap_4.o [1]
pxOverflowDelayedTaskList
                        0x20006828     0x4  Data  Lc  tasks.o [1]
pxPortInitialiseStack   0x080009ad    0x1e  Code  Gb  port.o [1]
pxReadyTasksLists       0x20006894    0x8c  Data  Lc  tasks.o [1]
startTaskHandle         0x20006a9c     0x4  Data  Gb  freertos.o [1]
ucHeap                  0x20002028  0x3c00  Data  Lc  heap_4.o [1]
ucMaxSysCallPriority    0x20000000     0x1  Data  Lc  port.o [1]
ulMaxPRIGROUPValue      0x20000008     0x4  Data  Lc  port.o [1]
ulPortSetInterruptMask  0x08000957          Code  Gb  portasm.o [1]
uwTick                  0x20006aa8     0x4  Data  Gb  stm32f2xx_hal.o [1]
uxCriticalNesting       0x20000004     0x4  Data  Lc  port.o [1]
uxCurrentNumberOfTasks  0x20006844     0x4  Data  Lc  tasks.o [1]
uxListRemove            0x08000ba9    0x24  Code  Gb  list.o [1]
uxPendedTicks           0x20006854     0x4  Data  Lc  tasks.o [1]
uxQueueMessagesWaiting  0x08002479    0x1a  Code  Gb  queue.o [1]
uxSchedulerSuspended    0x20006868     0x4  Data  Lc  tasks.o [1]
uxTaskNumber            0x20006860     0x4  Data  Lc  tasks.o [1]
uxTasksDeleted          0x2000682c     0x4  Data  Lc  tasks.o [1]
uxTopReadyPriority      0x2000684c     0x4  Data  Lc  tasks.o [1]
vListInitialise         0x08000b3d    0x1a  Code  Gb  list.o [1]
vListInitialiseItem     0x08000b57     0x6  Code  Gb  list.o [1]
vListInsert             0x08000b75    0x34  Code  Gb  list.o [1]
vListInsertEnd          0x08000b5d    0x18  Code  Gb  list.o [1]
vPortClearInterruptMask
                        0x08000965          Code  Gb  portasm.o [1]
vPortEnterCritical      0x08000a61    0x2c  Code  Gb  port.o [1]
vPortExitCritical       0x08000a8d    0x22  Code  Gb  port.o [1]
vPortFree               0x08000c87    0x50  Code  Gb  heap_4.o [1]
vPortSetupTimerInterrupt
                        0x08000acf    0x18  Code  Wk  port.o [1]
vPortStartFirstTask     0x0800098b          Code  Gb  portasm.o [1]
vPortValidateInterruptPriority
                        0x08000ae9    0x32  Code  Gb  port.o [1]
vPortYield              0x08000a4f    0x12  Code  Gb  port.o [1]
vTaskDelay              0x08000279    0x58  Code  Gb  tasks.o [1]
vTaskMissedYield        0x08000627     0xa  Code  Gb  tasks.o [1]
vTaskPlaceOnEventList   0x080004eb    0x58  Code  Gb  tasks.o [1]
vTaskPriorityInherit    0x080007f5    0x78  Code  Gb  tasks.o [1]
vTaskSetTimeOutState    0x080005ab    0x1a  Code  Gb  tasks.o [1]
vTaskStartScheduler     0x080002d1    0x50  Code  Gb  tasks.o [1]
vTaskSuspendAll         0x08000321     0xc  Code  Gb  tasks.o [1]
vTaskSwitchContext      0x08000499    0x52  Code  Gb  tasks.o [1]
xBlockAllocatedBit      0x20002024     0x4  Data  Lc  heap_4.o [1]
xDelayedTaskList1       0x2000686c    0x14  Data  Lc  tasks.o [1]
xDelayedTaskList2       0x20006880    0x14  Data  Lc  tasks.o [1]
xFreeBytesRemaining     0x2000201c     0x4  Data  Lc  heap_4.o [1]
xMinimumEverFreeBytesRemaining
                        0x20002020     0x4  Data  Lc  heap_4.o [1]
xNextTaskUnblockTime    0x20006864     0x4  Data  Lc  tasks.o [1]
xNumOfOverflows         0x2000685c     0x4  Data  Lc  tasks.o [1]
xPendingReadyList       0x200067f8    0x14  Data  Lc  tasks.o [1]
xPortStartScheduler     0x080009e5    0x6a  Code  Gb  port.o [1]
xPortSysTickHandler     0x08000aaf    0x20  Code  Gb  port.o [1]
xQueueGenericCreate     0x08002063    0x6a  Code  Gb  queue.o [1]
xQueueGenericReceive    0x080022a7   0x14e  Code  Gb  queue.o [1]
xQueueGenericReset      0x08001ff1    0x72  Code  Gb  queue.o [1]
xQueueGenericSend       0x080020cd   0x134  Code  Gb  queue.o [1]
xQueueGenericSendFromISR
                        0x08002201    0xa6  Code  Gb  queue.o [1]
xQueueReceiveFromISR    0x080023f5    0x84  Code  Gb  queue.o [1]
xSchedulerRunning       0x20006850     0x4  Data  Lc  tasks.o [1]
xStart                  0x20002010     0x8  Data  Lc  heap_4.o [1]
xSuspendedTaskList      0x20006830    0x14  Data  Lc  tasks.o [1]
xTaskCheckForTimeOut    0x080005c5    0x62  Code  Gb  tasks.o [1]
xTaskGenericCreate      0x08000185    0xf4  Code  Gb  tasks.o [1]
xTaskGetSchedulerState  0x080007d9    0x1c  Code  Gb  tasks.o [1]
xTaskIncrementTick      0x080003d1    0xc8  Code  Gb  tasks.o [1]
xTaskPriorityDisinherit
                        0x0800086d    0x7c  Code  Gb  tasks.o [1]
xTaskRemoveFromEventList
                        0x08000543    0x68  Code  Gb  tasks.o [1]
xTaskResumeAll          0x0800032d    0xa4  Code  Gb  tasks.o [1]
xTasksWaitingTermination
                        0x2000680c    0x14  Data  Lc  tasks.o [1]
xTickCount              0x20006848     0x4  Data  Lc  tasks.o [1]
xYieldPending           0x20006858     0x4  Data  Lc  tasks.o [1]


[1] = D:\efly\workspace\RadioSbusEDcoder\NIB_V0.01\project\Debug\Obj
[2] = command line
[3] = dl7M_tln.a
[4] = rt7M_tl.a
[5] = shb_l.a

  15 200 bytes of readonly  code memory
      88 bytes of readonly  data memory
  27 311 bytes of readwrite data memory

Errors: none
Warnings: none
